[      87ms] [WARNING] cdn.tailwindcss.com should not be used in production. To use Tailwind CSS in production, install it as a PostCSS plugin or use the Tailwind CLI: https://tailwindcss.com/docs/installation @ https://cdn.tailwindcss.com/3.4.16:63
[     101ms] [INFO] %cDownload the React DevTools for a better development experience: https://reactjs.org/link/react-devtools font-weight:bold @ https://unpkg.com/react-dom@18.3.1/umd/react-dom.development.js:29904
[     189ms] [WARNING] You are using the in-browser Babel transformer. Be sure to precompile your scripts for production - https://babeljs.io/docs/setup/ @ https://unpkg.com/@babel/standalone@7.29.0/babel.min.js:2
[     205ms] SyntaxError: /Inline Babel script: Unexpected character '”'. (1661:24)

  1659 |       <ModalDescription>This action cannot be undone. All files and activity history will be permanently deleted.</ModalDescription>
  1660 |       <ModalActions>
> 1661 |         <Button variant=”ghost” onClick={()=>setOpen(false)}>Cancel</Button>
       |                         ^
  1662 |         <Button variant=”danger” onClick={()=>{setOpen(false);toast({message:”Project deleted.”,tone:”danger”});}}>Delete project</Button>
  1663 |       </ModalActions>
  1664 |     </Modal>
    at e (https://unpkg.com/@babel/standalone@7.29.0/babel.min.js:3:260002)
    at r.raise (https://unpkg.com/@babel/standalone@7.29.0/babel.min.js:3:312098)
    at r.getTokenFromCode (https://unpkg.com/@babel/standalone@7.29.0/babel.min.js:3:306582)
    at r.getTokenFromCode (https://unpkg.com/@babel/standalone@7.29.0/babel.min.js:3:354538)
    at r.getTokenFromCode (https://unpkg.com/@babel/standalone@7.29.0/babel.min.js:3:456534)
    at r.nextToken (https://unpkg.com/@babel/standalone@7.29.0/babel.min.js:3:297217)
    at r.next (https://unpkg.com/@babel/standalone@7.29.0/babel.min.js:3:295382)
    at r.eat (https://unpkg.com/@babel/standalone@7.29.0/babel.min.js:3:295442)
    at r.jsxParseAttribute (https://unpkg.com/@babel/standalone@7.29.0/babel.min.js:3:351782)
    at r.jsxParseOpeningElementAfterName (https://unpkg.com/@babel/standalone@7.29.0/babel.min.js:3:352170)
    at r.jsxParseOpeningElementAfterName (https://unpkg.com/@babel/standalone@7.29.0/babel.min.js:3:457758)
    at r.jsxParseOpeningElementAt (https://unpkg.com/@babel/standalone@7.29.0/babel.min.js:3:352027)
    at r.jsxParseElementAt (https://unpkg.com/@babel/standalone@7.29.0/babel.min.js:3:352586)
    at r.jsxParseElementAt (https://unpkg.com/@babel/standalone@7.29.0/babel.min.js:3:352788)
    at r.jsxParseElementAt (https://unpkg.com/@babel/standalone@7.29.0/babel.min.js:3:352788)
    at r.jsxParseElementAt (https://unpkg.com/@babel/standalone@7.29.0/babel.min.js:3:352788)
    at r.jsxParseElement (https://unpkg.com/@babel/standalone@7.29.0/babel.min.js:3:353697)
    at r.parseExprAtom (https://unpkg.com/@babel/standalone@7.29.0/babel.min.js:3:353842)
    at r.parseExprSubscripts (https://unpkg.com/@babel/standalone@7.29.0/babel.min.js:3:477958)
    at r.parseUpdate (https://unpkg.com/@babel/standalone@7.29.0/babel.min.js:3:477579)
    at r.parseMaybeUnary (https://unpkg.com/@babel/standalone@7.29.0/babel.min.js:3:477193)
    at r.parseMaybeUnary (https://unpkg.com/@babel/standalone@7.29.0/babel.min.js:3:453135)
    at r.parseMaybeUnaryOrPrivate (https://unpkg.com/@babel/standalone@7.29.0/babel.min.js:3:473986)
    at r.parseExprOps (https://unpkg.com/@babel/standalone@7.29.0/babel.min.js:3:474096)
    at r.parseMaybeConditional (https://unpkg.com/@babel/standalone@7.29.0/babel.min.js:3:473566)
    at r.parseMaybeAssign (https://unpkg.com/@babel/standalone@7.29.0/babel.min.js:3:472472)
    at https://unpkg.com/@babel/standalone@7.29.0/babel.min.js:3:451696
    at r.tryParse (https://unpkg.com/@babel/standalone@7.29.0/babel.min.js:3:317491)
    at r.parseMaybeAssign (https://unpkg.com/@babel/standalone@7.29.0/babel.min.js:3:451640)
    at r.parseExpressionBase (https://unpkg.com/@babel/standalone@7.29.0/babel.min.js:3:471593)
    at https://unpkg.com/@babel/standalone@7.29.0/babel.min.js:3:471500
    at r.allowInAnd (https://unpkg.com/@babel/standalone@7.29.0/babel.min.js:3:505219)
    at r.parseExpression (https://unpkg.com/@babel/standalone@7.29.0/babel.min.js:3:471469)
    at r.parseReturnStatement (https://unpkg.com/@babel/standalone@7.29.0/babel.min.js:3:519527)
    at r.parseStatementContent (https://unpkg.com/@babel/standalone@7.29.0/babel.min.js:3:512445)
    at r.parseStatementContent (https://unpkg.com/@babel/standalone@7.29.0/babel.min.js:3:444971)
    at r.parseStatementLike (https://unpkg.com/@babel/standalone@7.29.0/babel.min.js:3:511686)
    at r.parseStatementListItem (https://unpkg.com/@babel/standalone@7.29.0/babel.min.js:3:511262)
    at r.parseBlockOrModuleBlockBody (https://unpkg.com/@babel/standalone@7.29.0/babel.min.js:3:523529)
    at r.parseBlockBody (https://unpkg.com/@babel/standalone@7.29.0/babel.min.js:3:523339)
    at r.parseBlock (https://unpkg.com/@babel/standalone@7.29.0/babel.min.js:3:523037)
    at r.parseFunctionBody (https://unpkg.com/@babel/standalone@7.29.0/babel.min.js:3:499216)
    at r.parseFunctionBodyAndFinish (https://unpkg.com/@babel/standalone@7.29.0/babel.min.js:3:498844)
    at r.parseFunctionBodyAndFinish (https://unpkg.com/@babel/standalone@7.29.0/babel.min.js:3:437705)
    at https://unpkg.com/@babel/standalone@7.29.0/babel.min.js:3:526526
    at r.withSmartMixTopicForbiddingContext (https://unpkg.com/@babel/standalone@7.29.0/babel.min.js:3:504809)
    at r.parseFunction (https://unpkg.com/@babel/standalone@7.29.0/babel.min.js:3:526478)
    at r.parseFunctionStatement (https://unpkg.com/@babel/standalone@7.29.0/babel.min.js:3:519029)
    at r.parseStatementContent (https://unpkg.com/@babel/standalone@7.29.0/babel.min.js:3:512264)
    at r.parseStatementContent (https://unpkg.com/@babel/standalone@7.29.0/babel.min.js:3:444971)
